// Jest Snapshot v1, https://goo.gl/fbAQLP

exports[`Pagination component should render Pagination correctly 1`] = `
<DocumentFragment>
  <ul
    class="sc-bgqQcB hkzmuC pagination"
  >
    <li
      class="page-item disabled"
    >
      <span
        class="page-link"
      >
        Prev
      </span>
    </li>
    <li
      class="page-item active"
    >
      <span
        class="page-link"
      >
        1
        <span
          class="visually-hidden"
        >
          (current)
        </span>
      </span>
    </li>
    <li
      class="page-item"
    >
      <a
        class="page-link"
        href="#"
        role="button"
        tabindex="0"
      >
        2
      </a>
    </li>
    <li
      class="page-item"
    >
      <a
        class="page-link"
        href="#"
        role="button"
        tabindex="0"
      >
        3
      </a>
    </li>
    <li
      class="page-item"
    >
      <a
        class="page-link"
        href="#"
        role="button"
        tabindex="0"
      >
        4
      </a>
    </li>
    <li
      class="page-item"
    >
      <a
        class="page-link"
        href="#"
        role="button"
        tabindex="0"
      >
        5
      </a>
    </li>
    <li
      class="page-item"
    >
      <a
        class="page-link"
        href="#"
        role="button"
        tabindex="0"
      >
        6
      </a>
    </li>
    <li
      class="page-item"
    >
      <a
        class="page-link"
        href="#"
        role="button"
        tabindex="0"
      >
        7
      </a>
    </li>
    <li
      class="page-item"
    >
      <a
        class="page-link"
        href="#"
        role="button"
        tabindex="0"
      >
        8
      </a>
    </li>
    <li
      class="page-item"
    >
      <a
        class="page-link"
        href="#"
        role="button"
        tabindex="0"
      >
        9
      </a>
    </li>
    <li
      class="page-item"
    >
      <a
        class="page-link"
        href="#"
        role="button"
        tabindex="0"
      >
        10
      </a>
    </li>
    <li
      class="page-item"
    >
      <a
        class="page-link"
        href="#"
        role="button"
        tabindex="0"
      >
        Next
      </a>
    </li>
  </ul>
</DocumentFragment>
`;
